mvc helping url
https://scotch.io/tutorials/simple-laravel-crud-with-resource-controllers
http://www.expertphp.in/article/laravel-5-5-crud-create-read-update-delete-example-from-scratch
https://www.sitepoint.com/crud-create-read-update-delete-laravel-app/
https://laravel-news.com/laravel-5-4-key-too-long-error

---------
ctrl + c ->black screen
youva@youva:/opt/lampp/htdocs/blog$ ls(showing no of foldwers)
sudo /opt/lampp/lampp start
composer global require "laravel/installer=~1.1"
export PATH="~/.config/composer/vendor/bin:$PATH"
laravel new testapp
sudo chmod 777 -R bootstrap/
php artisan key:generate
---------------------
For creating new port if any port used to another
---------------------
php artisan serve --port="8888"
youva@youva:/opt/lampp/htdocs/Projectsec$ php artisan serve --port="8888"



sudo /etc/init.d/apache2 stop
php artisan serve
cd /opt/lampp/htdocs/blog/
 sudo /opt/lampp/lampp restart
--------------------------------------
create new Project step by step process
--------------------------------------
sudo /opt/lampp/lampp start

cd /opt/lampp/htdocs

composer global require "laravel/installer=~1.1"

youva@youva:/opt/lampp/htdocs$ export PATH="~/.config/composer/vendor/bin:$PATH"

youva@youva:/opt/lampp/htdocs$ composer create-project laravel/laravel Projectsec
youva@youva:/opt/lampp/htdocs/Projectsec$ cp .env.example .env
youva@youva:/opt/lampp/htdocs/Projectsec$ vi .env

(ctrl + z) for removing cmd 

php artisan key:generate

sudo chmod 777 -R bootstrap/

php artisan serve

   For creating tables
   --------------------
   ctrl+h in root folder open .env file & set host,user & psw info  
php artisan make:auth
php artisan migrate
(if show any error like->Parse error: syntax error, unexpected 'use' (T_USE), expecting ',' or ';'  
)
goto->Project->app->providers->Appserviceprovider.php(put this use Illuminate\Support\Facades\Schema;

use Illuminate\Support\ServiceProvider;

 public function boot()
    {
        //
        Schema::defaultStringLength(191);
    }

)

-------------------
.env file changes in (set log inplace of smtp for reset the password)
                                                  ------------------        
-------------------
3.Now connect your pendrive to the computer and type the command the command"format x:" 
where x is the location of  the device and press enter.
 6.If you want to make a quick format then type the command "format /q x:" where q in the command line stands for quick format while x is the pendrive location.once you press the enter key the process initialises and it will prompt you to assign a label to the pendrive.You can either assign a label or simple press enter.
------------------------------------

 
